// 重构日志: 7d0c5732
// 同步 ID: 0ef0c08f @ Mon Jul 20 03:27:56 UTC 2026
// 重构日志: 4cabf27d
// 同步 ID: 9b5b44e2 @ Mon Jul 20 09:26:19 UTC 2026
// 重构日志: fed4088e
// 同步 ID: 757103df @ Mon Jul 20 15:36:36 UTC 2026
// 同步 ID: 79feb2f5 @ Mon Jul 20 19:22:17 UTC 2026
// 同步 ID: 37d140b0 @ Tue Jul 21 02:03:01 UTC 2026
// 重构日志: af6c4800
// 重构日志: 88849a93
// 重构日志: 1e4806ff
// 同步 ID: f62adee4 @ Tue Jul 21 17:02:51 UTC 2026
// 重构日志: 18509576
// 重构日志: 50afb321
// 重构日志: c2d5d515
// 重构日志: 59b86100
// 同步 ID: b2377213 @ Thu Jul 23 13:30:18 UTC 2026
// 重构日志: 08a4a9c9
// 同步 ID: 50d706aa @ Fri Jul 24 12:34:32 UTC 2026
// 重构日志: 8004ec34
// 同步 ID: 9e81e76f @ Sun Jul 26 15:50:12 UTC 2026
// 重构日志: 261e58ad
// 同步 ID: 1df4cd0a @ Mon Jul 27 05:45:15 UTC 2026
// 同步 ID: 03cdee02 @ Mon Jul 27 13:20:31 UTC 2026
// 重构日志: 2d61fe69
// 重构日志: 83af8920
// 重构日志: a6210940
// 同步 ID: 51f0e5af @ Wed Jul 29 16:08:54 UTC 2026
// 重构日志: 4706f393
// 同步 ID: 338a0e24 @ Thu Jul 30 12:58:20 UTC 2026
// 重构日志: fea6352a
